-------
Test name: tests/test_buy_product.py::TestBuyProduct::test_buy_product_imac (call)
Start time: 2026.09.12 17-22-27
Start test method: select_category_mac

End time: 2026.09.12 17-22-39
End method: select_category_mac
URL: current URL: https://pitergsm.ru/catalog/mac/
-------
-------
Test name: tests/test_buy_product.py::TestBuyProduct::test_buy_product_imac (call)
Start time: 2026.09.12 17-22-39
Start test method: select_category_imac

End time: 2026.09.12 17-22-40
End method: select_category_imac
URL: current URL: https://pitergsm.ru/catalog/mac/imac/
-------
-------
Test name: tests/test_buy_product.py::TestBuyProduct::test_buy_product_imac (call)
Start time: 2026.09.12 17-22-40
Start test method: filter_and_add_imac_to_cart

End time: 2026.09.12 17-22-47
End method: filter_and_add_imac_to_cart
URL: current URL: https://pitergsm.ru/personal/cart/
-------
-------
Test name: tests/test_buy_product.py::TestBuyProduct::test_buy_product_imac (call)
Start time: 2026.09.12 17-22-47
Start test method: select_order

End time: 2026.09.12 17-22-50
End method: select_order
URL: current URL: https://pitergsm.ru/personal/order/make/
-------
-------
Test name: tests/test_buy_product.py::TestBuyProduct::test_buy_product_imac (call)
Start time: 2026.09.12 17-22-50
Start test method: input_information

End time: 2026.09.12 17-22-50
End method: input_information
URL: current URL: https://pitergsm.ru/personal/order/make/
-------
-------
Test name: tests/test_buy_product.py::TestBuyProduct::test_buy_product_imac (call)
Start time: 2026.09.12 17-22-50
Start test method: input_delivery_information

End time: 2026.09.12 17-22-54
End method: input_delivery_information
URL: current URL: https://pitergsm.ru/personal/order/make/
-------
-------
Test name: tests/test_buy_product.py::TestBuyProduct::test_buy_product_imac (call)
Start time: 2026.09.12 17-22-54
Start test method: checkout_information

End time: 2026.09.12 17-22-55
End method: checkout_information
URL: current URL: https://pitergsm.ru/personal/order/make/
-------
